ANONIMO: canWatch=false, locked=true
ADMIN: canWatch=true, videos=1, url=true